[debug] [2022-03-05T19:35:15.878Z] ----------------------------------------------------------------------
[debug] [2022-03-05T19:35:15.881Z] Command:       C:\Program Files\nodejs\node.exe C:\Users\caryh\AppData\Roaming\npm\node_modules\firebase-tools\lib\bin\firebase.js init
[debug] [2022-03-05T19:35:15.882Z] CLI Version:   9.18.0
[debug] [2022-03-05T19:35:15.882Z] Platform:      win32
[debug] [2022-03-05T19:35:15.882Z] Node Version:  v16.10.0
[debug] [2022-03-05T19:35:15.884Z] Time:          Sat Mar 05 2022 14:35:15 GMT-0500 (hora estándar de Colombia)
[debug] [2022-03-05T19:35:15.884Z] ----------------------------------------------------------------------
[debug] 
[debug] [2022-03-05T19:35:15.959Z] > command requires scopes: ["email","openid","https://www.googleapis.com/auth/cloudplatformprojects.readonly","https://www.googleapis.com/auth/firebase","https://www.googleapis.com/auth/cloud-platform"]
[debug] [2022-03-05T19:35:15.960Z] > authorizing via signed-in user (solicito.software@gmail.com)
[info] 
     ######## #### ########  ######## ########     ###     ######  ########
     ##        ##  ##     ## ##       ##     ##  ##   ##  ##       ##
     ######    ##  ########  ######   ########  #########  ######  ######
     ##        ##  ##    ##  ##       ##     ## ##     ##       ## ##
     ##       #### ##     ## ######## ########  ##     ##  ######  ########

You're about to initialize a Firebase project in this directory:

  C:\Users\caryh\Desktop\startup-agency-next\startup-agency-next

Before we get started, keep in mind:

  * You are initializing within an existing Firebase project directory

[info] 
=== Project Setup
[info] 
[info] First, let's associate this project directory with a Firebase project.
[info] You can create multiple project aliases by running firebase use --add, 
[info] but for now we'll just set up a default project.
[info] 
[info] i  .firebaserc already has a default project, using solicito-software. 
[debug] [2022-03-05T19:37:12.658Z] >>> [apiv2][query] GET https://firebase.googleapis.com/v1beta1/projects/solicito-software [none]
[debug] [2022-03-05T19:37:13.144Z] <<< [apiv2][status] GET https://firebase.googleapis.com/v1beta1/projects/solicito-software 200
[debug] [2022-03-05T19:37:13.144Z] <<< [apiv2][body] GET https://firebase.googleapis.com/v1beta1/projects/solicito-software {"projectId":"solicito-software","projectNumber":"711309703897","displayName":"solicito","name":"projects/solicito-software","resources":{"hostingSite":"solicito-software"},"state":"ACTIVE"}
[info] 
=== Hosting Setup
[info] 
[info] Your public directory is the folder (relative to your project directory) that
[info] will contain Hosting assets to be uploaded with firebase deploy. If you
[info] have a build process for your assets, use your build's output directory.
[info] 
[debug] [2022-03-05T19:38:40.088Z] >>> [apiv2][query] GET https://www.gstatic.com/firebasejs/releases.json [none]
[debug] [2022-03-05T19:38:40.481Z] <<< [apiv2][status] GET https://www.gstatic.com/firebasejs/releases.json 200
[debug] [2022-03-05T19:38:40.482Z] <<< [apiv2][body] GET https://www.gstatic.com/firebasejs/releases.json {"current":{"version":"9.6.8","browserURL":"https://www.gstatic.com/firebasejs/9.6.8/firebase.js","packageURL":"https://www.gstatic.com/firebasejs/9.6.8/firebase.tgz"},"live":{"version":"9.6","browserURL":"https://www.gstatic.com/firebasejs/live/9.6/firebase.js","packageURL":"https://www.gstatic.com/firebasejs/live/9.6/firebase.tgz"},"components":{"analytics":"https://www.gstatic.com/firebasejs/9.6.8/firebase-analytics.js","app":"https://www.gstatic.com/firebasejs/9.6.8/firebase-app.js","app-check":"https://www.gstatic.com/firebasejs/9.6.8/firebase-app-check.js","auth":"https://www.gstatic.com/firebasejs/9.6.8/firebase-auth.js","auth/cordova":"https://www.gstatic.com/firebasejs/9.6.8/firebase-auth/cordova.js","auth/react-native":"https://www.gstatic.com/firebasejs/9.6.8/firebase-auth/react-native.js","functions":"https://www.gstatic.com/firebasejs/9.6.8/firebase-functions.js","firestore":"https://www.gstatic.com/firebasejs/9.6.8/firebase-firestore.js","firestore/lite":"https://www.gstatic.com/firebasejs/9.6.8/firebase-firestore/lite.js","storage":"https://www.gstatic.com/firebasejs/9.6.8/firebase-storage.js","performance":"https://www.gstatic.com/firebasejs/9.6.8/firebase-performance.js","remote-config":"https://www.gstatic.com/firebasejs/9.6.8/firebase-remote-config.js","messaging":"https://www.gstatic.com/firebasejs/9.6.8/firebase-messaging.js","messaging/sw":"https://www.gstatic.com/firebasejs/9.6.8/firebase-messaging/sw.js","database":"https://www.gstatic.com/firebasejs/9.6.8/firebase-database.js","firestore.memory":"https://www.gstatic.com/firebasejs/9.6.8/firebase-firestore.memory.js"}}
[info] +  Wrote build/index.html 
[info] 
[info] i  Didn't detect a .git folder. Assuming C:\Users\caryh\Desktop\startup-agency-next\startup-agency-next is the project root. 
[info] i  Authorizing with GitHub to upload your service account to a GitHub repository's secrets store. 
[info] 
[info] Visit this URL on this device to log in:
[info] https://github.com/login/oauth/authorize?client_id=89cf50f02ac6aaed3484&state=753621841&redirect_uri=http%3A%2F%2Flocalhost%3A9005&scope=read%3Auser%20repo%20public_repo
[info] 
[info] Waiting for authentication...
[debug] [2022-03-05T19:40:25.682Z] >>> HTTP REQUEST POST https://github.com/login/oauth/access_token  
 {"client_id":"89cf50f02ac6aaed3484","client_secret":"3330d14abc895d9a74d5f17cd7a00711fa2c5bf0","code":"f32a287dbdce6497764b","redirect_uri":"http://localhost:9005","state":"753621841"}
[debug] [2022-03-05T19:40:26.261Z] <<< HTTP RESPONSE 200 {"server":"GitHub.com","date":"Sat, 05 Mar 2022 19:40:27 GMT","content-type":"application/json; charset=utf-8","transfer-encoding":"chunked","vary":"X-PJAX, X-PJAX-Container, Accept-Encoding, Accept, X-Requested-With","permissions-policy":"interest-cohort=()","etag":"W/\"4d1ec709567235dd504fc3dc72426c15\"","cache-control":"max-age=0, private, must-revalidate","strict-transport-security":"max-age=31536000; includeSubdomains; preload","x-frame-options":"deny","x-content-type-options":"nosniff","x-xss-protection":"0","referrer-policy":"origin-when-cross-origin, strict-origin-when-cross-origin","expect-ct":"max-age=2592000, report-uri=\"https://api.github.com/_private/browser/errors\"","content-security-policy":"default-src 'none'; base-uri 'self'; block-all-mixed-content; child-src github.com/assets-cdn/worker/ gist.github.com/assets-cdn/worker/; connect-src 'self' uploads.github.com objects-origin.githubusercontent.com www.githubstatus.com collector.githubapp.com collector.github.com api.github.com github-cloud.s3.amazonaws.com github-production-repository-file-5c1aeb.s3.amazonaws.com github-production-upload-manifest-file-7fdce7.s3.amazonaws.com github-production-user-asset-6210df.s3.amazonaws.com cdn.optimizely.com logx.optimizely.com/v1/events translator.github.com wss://alive.github.com; font-src github.githubassets.com; form-action 'self' github.com gist.github.com objects-origin.githubusercontent.com; frame-ancestors 'none'; frame-src render.githubusercontent.com viewscreen.githubusercontent.com notebooks.githubusercontent.com; img-src 'self' data: github.githubassets.com identicons.github.com collector.githubapp.com collector.github.com github-cloud.s3.amazonaws.com secured-user-images.githubusercontent.com/ *.githubusercontent.com; manifest-src 'self'; media-src github.com user-images.githubusercontent.com/; script-src github.githubassets.com; style-src 'unsafe-inline' github.githubassets.com; worker-src github.com/assets-cdn/worker/ gist.github.com/assets-cdn/worker/","x-github-request-id":"87C2:1160:7E69E9:FBF064:6223BCAA"}
[debug] [2022-03-05T19:40:26.273Z] >>> [apiv2][query] GET https://api.github.com/user [none]
[debug] [2022-03-05T19:40:26.683Z] <<< [apiv2][status] GET https://api.github.com/user 200
[debug] [2022-03-05T19:40:26.684Z] <<< [apiv2][body] GET https://api.github.com/user {"login":"solicitosoftware","id":101019230,"node_id":"U_kgDOBgVuXg","avatar_url":"https://avatars.githubusercontent.com/u/101019230?v=4","gravatar_id":"","url":"https://api.github.com/users/solicitosoftware","html_url":"https://github.com/solicitosoftware","followers_url":"https://api.github.com/users/solicitosoftware/followers","following_url":"https://api.github.com/users/solicitosoftware/following{/other_user}","gists_url":"https://api.github.com/users/solicitosoftware/gists{/gist_id}","starred_url":"https://api.github.com/users/solicitosoftware/starred{/owner}{/repo}","subscriptions_url":"https://api.github.com/users/solicitosoftware/subscriptions","organizations_url":"https://api.github.com/users/solicitosoftware/orgs","repos_url":"https://api.github.com/users/solicitosoftware/repos","events_url":"https://api.github.com/users/solicitosoftware/events{/privacy}","received_events_url":"https://api.github.com/users/solicitosoftware/received_events","type":"User","site_admin":false,"name":null,"company":null,"blog":"","location":null,"email":null,"hireable":null,"bio":null,"twitter_username":null,"public_repos":0,"public_gists":0,"followers":0,"following":0,"created_at":"2022-03-05T19:39:57Z","updated_at":"2022-03-05T19:39:57Z","private_gists":0,"total_private_repos":0,"owned_private_repos":0,"disk_usage":0,"collaborators":0,"two_factor_authentication":false,"plan":{"name":"free","space":976562499,"collaborators":0,"private_repos":10000}}
[info] 
[info] +  Success! Logged into GitHub as solicitosoftware 
[info] 
[debug] [2022-03-05T19:41:21.075Z] >>> [apiv2][query] GET https://api.github.com/repos/LandingPage/actions/secrets/public-key type=owner
[debug] [2022-03-05T19:41:21.458Z] <<< [apiv2][status] GET https://api.github.com/repos/LandingPage/actions/secrets/public-key 404
[debug] [2022-03-05T19:41:21.458Z] <<< [apiv2][body] GET https://api.github.com/repos/LandingPage/actions/secrets/public-key {"message":"Not Found","documentation_url":"https://docs.github.com/rest"}
[debug] [2022-03-05T19:43:39.227Z] >>> [apiv2][query] GET https://api.github.com/repos/LandingPage/actions/secrets/public-key type=owner
[debug] [2022-03-05T19:43:39.602Z] <<< [apiv2][status] GET https://api.github.com/repos/LandingPage/actions/secrets/public-key 404
[debug] [2022-03-05T19:43:39.603Z] <<< [apiv2][body] GET https://api.github.com/repos/LandingPage/actions/secrets/public-key {"message":"Not Found","documentation_url":"https://docs.github.com/rest"}
[debug] [2022-03-05T19:43:46.363Z] >>> [apiv2][query] GET https://api.github.com/repos/LandingPage/actions/secrets/public-key type=owner
[debug] [2022-03-05T19:43:46.702Z] <<< [apiv2][status] GET https://api.github.com/repos/LandingPage/actions/secrets/public-key 404
[debug] [2022-03-05T19:43:46.703Z] <<< [apiv2][body] GET https://api.github.com/repos/LandingPage/actions/secrets/public-key {"message":"Not Found","documentation_url":"https://docs.github.com/rest"}
[debug] [2022-03-05T19:44:27.971Z] >>> [apiv2][query] GET https://api.github.com/repos/LandingPage/actions/secrets/public-key type=owner
[debug] [2022-03-05T19:44:28.304Z] <<< [apiv2][status] GET https://api.github.com/repos/LandingPage/actions/secrets/public-key 404
[debug] [2022-03-05T19:44:28.305Z] <<< [apiv2][body] GET https://api.github.com/repos/LandingPage/actions/secrets/public-key {"message":"Not Found","documentation_url":"https://docs.github.com/rest"}
[debug] [2022-03-05T19:44:32.123Z] >>> [apiv2][query] GET https://api.github.com/repos/LandingPage/actions/secrets/public-key type=owner
[debug] [2022-03-05T19:44:32.428Z] <<< [apiv2][status] GET https://api.github.com/repos/LandingPage/actions/secrets/public-key 404
[debug] [2022-03-05T19:44:32.429Z] <<< [apiv2][body] GET https://api.github.com/repos/LandingPage/actions/secrets/public-key {"message":"Not Found","documentation_url":"https://docs.github.com/rest"}
[debug] [2022-03-05T19:44:33.915Z] >>> [apiv2][query] GET https://api.github.com/repos/y/actions/secrets/public-key type=owner
[debug] [2022-03-05T19:44:34.215Z] <<< [apiv2][status] GET https://api.github.com/repos/y/actions/secrets/public-key 404
[debug] [2022-03-05T19:44:34.216Z] <<< [apiv2][body] GET https://api.github.com/repos/y/actions/secrets/public-key {"message":"Not Found","documentation_url":"https://docs.github.com/rest"}
[debug] [2022-03-05T19:44:37.115Z] >>> [apiv2][query] GET https://api.github.com/repos//actions/secrets/public-key type=owner
[debug] [2022-03-05T19:44:37.484Z] <<< [apiv2][status] GET https://api.github.com/repos//actions/secrets/public-key 404
[debug] [2022-03-05T19:44:37.484Z] <<< [apiv2][body] GET https://api.github.com/repos//actions/secrets/public-key {"message":"Not Found","documentation_url":"https://docs.github.com/rest"}
[debug] [2022-03-05T19:44:37.915Z] >>> [apiv2][query] GET https://api.github.com/repos//actions/secrets/public-key type=owner
[debug] [2022-03-05T19:44:38.220Z] <<< [apiv2][status] GET https://api.github.com/repos//actions/secrets/public-key 404
[debug] [2022-03-05T19:44:38.220Z] <<< [apiv2][body] GET https://api.github.com/repos//actions/secrets/public-key {"message":"Not Found","documentation_url":"https://docs.github.com/rest"}
[debug] [2022-03-05T19:44:38.371Z] >>> [apiv2][query] GET https://api.github.com/repos//actions/secrets/public-key type=owner
[debug] [2022-03-05T19:44:38.792Z] <<< [apiv2][status] GET https://api.github.com/repos//actions/secrets/public-key 404
[debug] [2022-03-05T19:44:38.793Z] <<< [apiv2][body] GET https://api.github.com/repos//actions/secrets/public-key {"message":"Not Found","documentation_url":"https://docs.github.com/rest"}
[debug] [2022-03-05T19:44:38.819Z] >>> [apiv2][query] GET https://api.github.com/repos//actions/secrets/public-key type=owner
[debug] [2022-03-05T19:44:39.136Z] <<< [apiv2][status] GET https://api.github.com/repos//actions/secrets/public-key 404
[debug] [2022-03-05T19:44:39.136Z] <<< [apiv2][body] GET https://api.github.com/repos//actions/secrets/public-key {"message":"Not Found","documentation_url":"https://docs.github.com/rest"}
[debug] [2022-03-05T19:44:43.587Z] >>> [apiv2][query] GET https://api.github.com/repos/LandingPage/actions/secrets/public-key type=owner
[debug] [2022-03-05T19:44:43.896Z] <<< [apiv2][status] GET https://api.github.com/repos/LandingPage/actions/secrets/public-key 404
[debug] [2022-03-05T19:44:43.896Z] <<< [apiv2][body] GET https://api.github.com/repos/LandingPage/actions/secrets/public-key {"message":"Not Found","documentation_url":"https://docs.github.com/rest"}
[debug] [2022-03-05T19:44:51.971Z] ----------------------------------------------------------------------
[debug] [2022-03-05T19:44:51.973Z] Command:       C:\Program Files\nodejs\node.exe C:\Users\caryh\AppData\Roaming\npm\node_modules\firebase-tools\lib\bin\firebase.js init
[debug] [2022-03-05T19:44:51.974Z] CLI Version:   9.18.0
[debug] [2022-03-05T19:44:51.974Z] Platform:      win32
[debug] [2022-03-05T19:44:51.974Z] Node Version:  v16.10.0
[debug] [2022-03-05T19:44:51.975Z] Time:          Sat Mar 05 2022 14:44:51 GMT-0500 (hora estándar de Colombia)
[debug] [2022-03-05T19:44:51.975Z] ----------------------------------------------------------------------
[debug] 
[debug] [2022-03-05T19:44:52.044Z] > command requires scopes: ["email","openid","https://www.googleapis.com/auth/cloudplatformprojects.readonly","https://www.googleapis.com/auth/firebase","https://www.googleapis.com/auth/cloud-platform"]
[debug] [2022-03-05T19:44:52.044Z] > authorizing via signed-in user (solicito.software@gmail.com)
[info] 
     ######## #### ########  ######## ########     ###     ######  ########
     ##        ##  ##     ## ##       ##     ##  ##   ##  ##       ##
     ######    ##  ########  ######   ########  #########  ######  ######
     ##        ##  ##    ##  ##       ##     ## ##     ##       ## ##
     ##       #### ##     ## ######## ########  ##     ##  ######  ########

You're about to initialize a Firebase project in this directory:

  C:\Users\caryh\Desktop\startup-agency-next\startup-agency-next

Before we get started, keep in mind:

  * You are initializing within an existing Firebase project directory

[info] 
=== Project Setup
[info] 
[info] First, let's associate this project directory with a Firebase project.
[info] You can create multiple project aliases by running firebase use --add, 
[info] but for now we'll just set up a default project.
[info] 
[info] i  .firebaserc already has a default project, using solicito-software. 
[debug] [2022-03-05T19:45:09.076Z] >>> [apiv2][query] GET https://firebase.googleapis.com/v1beta1/projects/solicito-software [none]
[debug] [2022-03-05T19:45:09.577Z] <<< [apiv2][status] GET https://firebase.googleapis.com/v1beta1/projects/solicito-software 200
[debug] [2022-03-05T19:45:09.577Z] <<< [apiv2][body] GET https://firebase.googleapis.com/v1beta1/projects/solicito-software {"projectId":"solicito-software","projectNumber":"711309703897","displayName":"solicito","name":"projects/solicito-software","resources":{"hostingSite":"solicito-software"},"state":"ACTIVE"}
[info] 
=== Hosting Setup
[info] 
[info] Your public directory is the folder (relative to your project directory) that
[info] will contain Hosting assets to be uploaded with firebase deploy. If you
[info] have a build process for your assets, use your build's output directory.
[info] 
[debug] [2022-03-05T19:45:19.040Z] >>> [apiv2][query] GET https://www.gstatic.com/firebasejs/releases.json [none]
[debug] [2022-03-05T19:45:19.458Z] <<< [apiv2][status] GET https://www.gstatic.com/firebasejs/releases.json 200
[debug] [2022-03-05T19:45:19.458Z] <<< [apiv2][body] GET https://www.gstatic.com/firebasejs/releases.json {"current":{"version":"9.6.8","browserURL":"https://www.gstatic.com/firebasejs/9.6.8/firebase.js","packageURL":"https://www.gstatic.com/firebasejs/9.6.8/firebase.tgz"},"live":{"version":"9.6","browserURL":"https://www.gstatic.com/firebasejs/live/9.6/firebase.js","packageURL":"https://www.gstatic.com/firebasejs/live/9.6/firebase.tgz"},"components":{"analytics":"https://www.gstatic.com/firebasejs/9.6.8/firebase-analytics.js","app":"https://www.gstatic.com/firebasejs/9.6.8/firebase-app.js","app-check":"https://www.gstatic.com/firebasejs/9.6.8/firebase-app-check.js","auth":"https://www.gstatic.com/firebasejs/9.6.8/firebase-auth.js","auth/cordova":"https://www.gstatic.com/firebasejs/9.6.8/firebase-auth/cordova.js","auth/react-native":"https://www.gstatic.com/firebasejs/9.6.8/firebase-auth/react-native.js","functions":"https://www.gstatic.com/firebasejs/9.6.8/firebase-functions.js","firestore":"https://www.gstatic.com/firebasejs/9.6.8/firebase-firestore.js","firestore/lite":"https://www.gstatic.com/firebasejs/9.6.8/firebase-firestore/lite.js","storage":"https://www.gstatic.com/firebasejs/9.6.8/firebase-storage.js","performance":"https://www.gstatic.com/firebasejs/9.6.8/firebase-performance.js","remote-config":"https://www.gstatic.com/firebasejs/9.6.8/firebase-remote-config.js","messaging":"https://www.gstatic.com/firebasejs/9.6.8/firebase-messaging.js","messaging/sw":"https://www.gstatic.com/firebasejs/9.6.8/firebase-messaging/sw.js","database":"https://www.gstatic.com/firebasejs/9.6.8/firebase-database.js","firestore.memory":"https://www.gstatic.com/firebasejs/9.6.8/firebase-firestore.memory.js"}}
[info] +  Wrote out/index.html 
[info] 
[info] i  Didn't detect a .git folder. Assuming C:\Users\caryh\Desktop\startup-agency-next\startup-agency-next is the project root. 
[info] i  Authorizing with GitHub to upload your service account to a GitHub repository's secrets store. 
[info] 
[info] Visit this URL on this device to log in:
[info] https://github.com/login/oauth/authorize?client_id=89cf50f02ac6aaed3484&state=713392628&redirect_uri=http%3A%2F%2Flocalhost%3A9005&scope=read%3Auser%20repo%20public_repo
[info] 
[info] Waiting for authentication...
[debug] [2022-03-05T19:45:20.088Z] >>> HTTP REQUEST POST https://github.com/login/oauth/access_token  
 {"client_id":"89cf50f02ac6aaed3484","client_secret":"3330d14abc895d9a74d5f17cd7a00711fa2c5bf0","code":"7b0e92c945cc3bed2ae3","redirect_uri":"http://localhost:9005","state":"713392628"}
[debug] [2022-03-05T19:45:20.482Z] <<< HTTP RESPONSE 200 {"server":"GitHub.com","date":"Sat, 05 Mar 2022 19:45:21 GMT","content-type":"application/json; charset=utf-8","transfer-encoding":"chunked","vary":"X-PJAX, X-PJAX-Container, Accept-Encoding, Accept, X-Requested-With","permissions-policy":"interest-cohort=()","etag":"W/\"c7242bca3a44fc0f897787176aee1ed8\"","cache-control":"max-age=0, private, must-revalidate","strict-transport-security":"max-age=31536000; includeSubdomains; preload","x-frame-options":"deny","x-content-type-options":"nosniff","x-xss-protection":"0","referrer-policy":"origin-when-cross-origin, strict-origin-when-cross-origin","expect-ct":"max-age=2592000, report-uri=\"https://api.github.com/_private/browser/errors\"","content-security-policy":"default-src 'none'; base-uri 'self'; block-all-mixed-content; child-src github.com/assets-cdn/worker/ gist.github.com/assets-cdn/worker/; connect-src 'self' uploads.github.com objects-origin.githubusercontent.com www.githubstatus.com collector.githubapp.com collector.github.com api.github.com github-cloud.s3.amazonaws.com github-production-repository-file-5c1aeb.s3.amazonaws.com github-production-upload-manifest-file-7fdce7.s3.amazonaws.com github-production-user-asset-6210df.s3.amazonaws.com cdn.optimizely.com logx.optimizely.com/v1/events translator.github.com wss://alive.github.com; font-src github.githubassets.com; form-action 'self' github.com gist.github.com objects-origin.githubusercontent.com; frame-ancestors 'none'; frame-src render.githubusercontent.com viewscreen.githubusercontent.com notebooks.githubusercontent.com; img-src 'self' data: github.githubassets.com identicons.github.com collector.githubapp.com collector.github.com github-cloud.s3.amazonaws.com secured-user-images.githubusercontent.com/ *.githubusercontent.com; manifest-src 'self'; media-src github.com user-images.githubusercontent.com/; script-src github.githubassets.com; style-src 'unsafe-inline' github.githubassets.com; worker-src github.com/assets-cdn/worker/ gist.github.com/assets-cdn/worker/","x-github-request-id":"AEBB:0B1A:3704C9A:5DE7D4D:6223BDD1"}
[debug] [2022-03-05T19:45:20.488Z] >>> [apiv2][query] GET https://api.github.com/user [none]
[debug] [2022-03-05T19:45:20.913Z] <<< [apiv2][status] GET https://api.github.com/user 200
[debug] [2022-03-05T19:45:20.914Z] <<< [apiv2][body] GET https://api.github.com/user {"login":"solicitosoftware","id":101019230,"node_id":"U_kgDOBgVuXg","avatar_url":"https://avatars.githubusercontent.com/u/101019230?v=4","gravatar_id":"","url":"https://api.github.com/users/solicitosoftware","html_url":"https://github.com/solicitosoftware","followers_url":"https://api.github.com/users/solicitosoftware/followers","following_url":"https://api.github.com/users/solicitosoftware/following{/other_user}","gists_url":"https://api.github.com/users/solicitosoftware/gists{/gist_id}","starred_url":"https://api.github.com/users/solicitosoftware/starred{/owner}{/repo}","subscriptions_url":"https://api.github.com/users/solicitosoftware/subscriptions","organizations_url":"https://api.github.com/users/solicitosoftware/orgs","repos_url":"https://api.github.com/users/solicitosoftware/repos","events_url":"https://api.github.com/users/solicitosoftware/events{/privacy}","received_events_url":"https://api.github.com/users/solicitosoftware/received_events","type":"User","site_admin":false,"name":null,"company":null,"blog":"","location":null,"email":null,"hireable":null,"bio":null,"twitter_username":null,"public_repos":1,"public_gists":0,"followers":0,"following":0,"created_at":"2022-03-05T19:39:57Z","updated_at":"2022-03-05T19:39:57Z","private_gists":0,"total_private_repos":0,"owned_private_repos":0,"disk_usage":0,"collaborators":0,"two_factor_authentication":false,"plan":{"name":"free","space":976562499,"collaborators":0,"private_repos":10000}}
[info] 
[info] +  Success! Logged into GitHub as solicitosoftware 
[info] 
[debug] [2022-03-05T19:45:26.943Z] >>> [apiv2][query] GET https://api.github.com/repos/LandingPage/actions/secrets/public-key type=owner
[debug] [2022-03-05T19:45:27.263Z] <<< [apiv2][status] GET https://api.github.com/repos/LandingPage/actions/secrets/public-key 404
[debug] [2022-03-05T19:45:27.264Z] <<< [apiv2][body] GET https://api.github.com/repos/LandingPage/actions/secrets/public-key {"message":"Not Found","documentation_url":"https://docs.github.com/rest"}
[debug] [2022-03-05T19:45:46.288Z] >>> [apiv2][query] GET https://api.github.com/repos/main}/actions/secrets/public-key type=owner
[debug] [2022-03-05T19:45:46.608Z] <<< [apiv2][status] GET https://api.github.com/repos/main}/actions/secrets/public-key 404
[debug] [2022-03-05T19:45:46.608Z] <<< [apiv2][body] GET https://api.github.com/repos/main}/actions/secrets/public-key {"message":"Not Found","documentation_url":"https://docs.github.com/rest"}
[debug] [2022-03-05T19:45:54.859Z] ----------------------------------------------------------------------
[debug] [2022-03-05T19:45:54.862Z] Command:       C:\Program Files\nodejs\node.exe C:\Users\caryh\AppData\Roaming\npm\node_modules\firebase-tools\lib\bin\firebase.js init
[debug] [2022-03-05T19:45:54.862Z] CLI Version:   9.18.0
[debug] [2022-03-05T19:45:54.862Z] Platform:      win32
[debug] [2022-03-05T19:45:54.862Z] Node Version:  v16.10.0
[debug] [2022-03-05T19:45:54.864Z] Time:          Sat Mar 05 2022 14:45:54 GMT-0500 (hora estándar de Colombia)
[debug] [2022-03-05T19:45:54.864Z] ----------------------------------------------------------------------
[debug] 
[debug] [2022-03-05T19:45:54.933Z] > command requires scopes: ["email","openid","https://www.googleapis.com/auth/cloudplatformprojects.readonly","https://www.googleapis.com/auth/firebase","https://www.googleapis.com/auth/cloud-platform"]
[debug] [2022-03-05T19:45:54.933Z] > authorizing via signed-in user (solicito.software@gmail.com)
[info] 
     ######## #### ########  ######## ########     ###     ######  ########
     ##        ##  ##     ## ##       ##     ##  ##   ##  ##       ##
     ######    ##  ########  ######   ########  #########  ######  ######
     ##        ##  ##    ##  ##       ##     ## ##     ##       ## ##
     ##       #### ##     ## ######## ########  ##     ##  ######  ########

You're about to initialize a Firebase project in this directory:

  C:\Users\caryh\Desktop\startup-agency-next\startup-agency-next

Before we get started, keep in mind:

  * You are initializing within an existing Firebase project directory

[info] 
=== Project Setup
[info] 
[info] First, let's associate this project directory with a Firebase project.
[info] You can create multiple project aliases by running firebase use --add, 
[info] but for now we'll just set up a default project.
[info] 
[info] i  .firebaserc already has a default project, using solicito-software. 
[debug] [2022-03-05T19:46:02.683Z] >>> [apiv2][query] GET https://firebase.googleapis.com/v1beta1/projects/solicito-software [none]
[debug] [2022-03-05T19:46:03.120Z] <<< [apiv2][status] GET https://firebase.googleapis.com/v1beta1/projects/solicito-software 200
[debug] [2022-03-05T19:46:03.121Z] <<< [apiv2][body] GET https://firebase.googleapis.com/v1beta1/projects/solicito-software {"projectId":"solicito-software","projectNumber":"711309703897","displayName":"solicito","name":"projects/solicito-software","resources":{"hostingSite":"solicito-software"},"state":"ACTIVE"}
[info] 
=== Hosting:github Setup
[info] 
[info] i  Didn't detect a .git folder. Assuming C:\Users\caryh\Desktop\startup-agency-next\startup-agency-next is the project root. 
[info] i  Authorizing with GitHub to upload your service account to a GitHub repository's secrets store. 
[info] 
[info] Visit this URL on this device to log in:
[info] https://github.com/login/oauth/authorize?client_id=89cf50f02ac6aaed3484&state=744836561&redirect_uri=http%3A%2F%2Flocalhost%3A9005&scope=read%3Auser%20repo%20public_repo
[info] 
[info] Waiting for authentication...
[debug] [2022-03-05T19:46:03.760Z] >>> HTTP REQUEST POST https://github.com/login/oauth/access_token  
 {"client_id":"89cf50f02ac6aaed3484","client_secret":"3330d14abc895d9a74d5f17cd7a00711fa2c5bf0","code":"2b7361cde793c61f0527","redirect_uri":"http://localhost:9005","state":"744836561"}
[debug] [2022-03-05T19:46:04.150Z] <<< HTTP RESPONSE 200 {"server":"GitHub.com","date":"Sat, 05 Mar 2022 19:46:05 GMT","content-type":"application/json; charset=utf-8","transfer-encoding":"chunked","vary":"X-PJAX, X-PJAX-Container, Accept-Encoding, Accept, X-Requested-With","permissions-policy":"interest-cohort=()","etag":"W/\"484b3ce8d28bf397a9fd09b4981100b9\"","cache-control":"max-age=0, private, must-revalidate","strict-transport-security":"max-age=31536000; includeSubdomains; preload","x-frame-options":"deny","x-content-type-options":"nosniff","x-xss-protection":"0","referrer-policy":"origin-when-cross-origin, strict-origin-when-cross-origin","expect-ct":"max-age=2592000, report-uri=\"https://api.github.com/_private/browser/errors\"","content-security-policy":"default-src 'none'; base-uri 'self'; block-all-mixed-content; child-src github.com/assets-cdn/worker/ gist.github.com/assets-cdn/worker/; connect-src 'self' uploads.github.com objects-origin.githubusercontent.com www.githubstatus.com collector.githubapp.com collector.github.com api.github.com github-cloud.s3.amazonaws.com github-production-repository-file-5c1aeb.s3.amazonaws.com github-production-upload-manifest-file-7fdce7.s3.amazonaws.com github-production-user-asset-6210df.s3.amazonaws.com cdn.optimizely.com logx.optimizely.com/v1/events translator.github.com wss://alive.github.com; font-src github.githubassets.com; form-action 'self' github.com gist.github.com objects-origin.githubusercontent.com; frame-ancestors 'none'; frame-src render.githubusercontent.com viewscreen.githubusercontent.com notebooks.githubusercontent.com; img-src 'self' data: github.githubassets.com identicons.github.com collector.githubapp.com collector.github.com github-cloud.s3.amazonaws.com secured-user-images.githubusercontent.com/ *.githubusercontent.com; manifest-src 'self'; media-src github.com user-images.githubusercontent.com/; script-src github.githubassets.com; style-src 'unsafe-inline' github.githubassets.com; worker-src github.com/assets-cdn/worker/ gist.github.com/assets-cdn/worker/","x-github-request-id":"AEB0:30F6:2CEE7EE:5083A70:6223BDFC"}
[debug] [2022-03-05T19:46:04.163Z] >>> [apiv2][query] GET https://api.github.com/user [none]
[debug] [2022-03-05T19:46:04.587Z] <<< [apiv2][status] GET https://api.github.com/user 200
[debug] [2022-03-05T19:46:04.588Z] <<< [apiv2][body] GET https://api.github.com/user {"login":"solicitosoftware","id":101019230,"node_id":"U_kgDOBgVuXg","avatar_url":"https://avatars.githubusercontent.com/u/101019230?v=4","gravatar_id":"","url":"https://api.github.com/users/solicitosoftware","html_url":"https://github.com/solicitosoftware","followers_url":"https://api.github.com/users/solicitosoftware/followers","following_url":"https://api.github.com/users/solicitosoftware/following{/other_user}","gists_url":"https://api.github.com/users/solicitosoftware/gists{/gist_id}","starred_url":"https://api.github.com/users/solicitosoftware/starred{/owner}{/repo}","subscriptions_url":"https://api.github.com/users/solicitosoftware/subscriptions","organizations_url":"https://api.github.com/users/solicitosoftware/orgs","repos_url":"https://api.github.com/users/solicitosoftware/repos","events_url":"https://api.github.com/users/solicitosoftware/events{/privacy}","received_events_url":"https://api.github.com/users/solicitosoftware/received_events","type":"User","site_admin":false,"name":null,"company":null,"blog":"","location":null,"email":null,"hireable":null,"bio":null,"twitter_username":null,"public_repos":1,"public_gists":0,"followers":0,"following":0,"created_at":"2022-03-05T19:39:57Z","updated_at":"2022-03-05T19:39:57Z","private_gists":0,"total_private_repos":0,"owned_private_repos":0,"disk_usage":0,"collaborators":0,"two_factor_authentication":false,"plan":{"name":"free","space":976562499,"collaborators":0,"private_repos":10000}}
[info] 
[info] +  Success! Logged into GitHub as solicitosoftware 
[info] 
[debug] [2022-03-05T19:46:12.900Z] >>> [apiv2][query] GET https://api.github.com/repos/LandingPage/actions/secrets/public-key type=owner
[debug] [2022-03-05T19:46:13.309Z] <<< [apiv2][status] GET https://api.github.com/repos/LandingPage/actions/secrets/public-key 404
[debug] [2022-03-05T19:46:13.310Z] <<< [apiv2][body] GET https://api.github.com/repos/LandingPage/actions/secrets/public-key {"message":"Not Found","documentation_url":"https://docs.github.com/rest"}
[debug] [2022-03-05T19:53:44.311Z] ----------------------------------------------------------------------
[debug] [2022-03-05T19:53:44.315Z] Command:       C:\Program Files\nodejs\node.exe C:\Users\caryh\AppData\Roaming\npm\node_modules\firebase-tools\lib\bin\firebase.js init
[debug] [2022-03-05T19:53:44.316Z] CLI Version:   9.18.0
[debug] [2022-03-05T19:53:44.316Z] Platform:      win32
[debug] [2022-03-05T19:53:44.316Z] Node Version:  v16.10.0
[debug] [2022-03-05T19:53:44.318Z] Time:          Sat Mar 05 2022 14:53:44 GMT-0500 (hora estándar de Colombia)
[debug] [2022-03-05T19:53:44.319Z] ----------------------------------------------------------------------
[debug] 
[debug] [2022-03-05T19:53:44.421Z] > command requires scopes: ["email","openid","https://www.googleapis.com/auth/cloudplatformprojects.readonly","https://www.googleapis.com/auth/firebase","https://www.googleapis.com/auth/cloud-platform"]
[debug] [2022-03-05T19:53:44.421Z] > authorizing via signed-in user (solicito.software@gmail.com)
[info] 
     ######## #### ########  ######## ########     ###     ######  ########
     ##        ##  ##     ## ##       ##     ##  ##   ##  ##       ##
     ######    ##  ########  ######   ########  #########  ######  ######
     ##        ##  ##    ##  ##       ##     ## ##     ##       ## ##
     ##       #### ##     ## ######## ########  ##     ##  ######  ########

You're about to initialize a Firebase project in this directory:

  C:\Users\caryh\Desktop\LandingPage

Before we get started, keep in mind:

  * You are initializing within an existing Firebase project directory

[info] 
=== Project Setup
[info] 
[info] First, let's associate this project directory with a Firebase project.
[info] You can create multiple project aliases by running firebase use --add, 
[info] but for now we'll just set up a default project.
[info] 
[info] i  .firebaserc already has a default project, using solicito-software. 
[debug] [2022-03-05T19:54:02.077Z] >>> [apiv2][query] GET https://firebase.googleapis.com/v1beta1/projects/solicito-software [none]
[debug] [2022-03-05T19:54:02.557Z] <<< [apiv2][status] GET https://firebase.googleapis.com/v1beta1/projects/solicito-software 200
[debug] [2022-03-05T19:54:02.557Z] <<< [apiv2][body] GET https://firebase.googleapis.com/v1beta1/projects/solicito-software {"projectId":"solicito-software","projectNumber":"711309703897","displayName":"solicito","name":"projects/solicito-software","resources":{"hostingSite":"solicito-software"},"state":"ACTIVE"}
[info] 
=== Hosting Setup
[info] 
[info] Your public directory is the folder (relative to your project directory) that
[info] will contain Hosting assets to be uploaded with firebase deploy. If you
[info] have a build process for your assets, use your build's output directory.
[info] 
